This is pdfTeX, Version 3.141592653-2.6-1.40.29 (TeX Live 2026) (preloaded format=pdflatex 2026.7.23)  8 OCT 2026 13:57
entering extended mode
 restricted \write18 enabled.
 %&-line parsing enabled.
**chapter2_statistical_distributions.tex
(./chapter2_statistical_distributions.tex
LaTeX2e <2025-11-01>
L3 programming layer <2026-01-19>
(/usr/local/texlive/2026/texmf-dist/tex/latex/beamer/beamer.cls
Document Class: beamer 2026/01/22 v3.77 A class for typesetting presentations
(/usr/local/texlive/2026/texmf-dist/tex/latex/beamer/beamerbasemodes.sty
(/usr/local/texlive/2026/texmf-dist/tex/latex/etoolbox/etoolbox.sty
Package: etoolbox 2025/10/02 v2.5m e-TeX tools for LaTeX (JAW)
\etb@tempcnta=\count275
)
\beamer@tempbox=\box53
\beamer@tempcount=\count276
\c@beamerpauses=\count277

(/usr/local/texlive/2026/texmf-dist/tex/latex/beamer/beamerbasedecode.sty
\beamer@slideinframe=\count278
\beamer@minimum=\count279
\beamer@decode@box=\box54
)
\beamer@commentbox=\box55
\beamer@modecount=\count280
)
(/usr/local/texlive/2026/texmf-dist/tex/generic/iftex/iftex.sty
Package: iftex 2024/12/12 v1.0g TeX engine tests
)
\headdp=\dimen148
\footheight=\dimen149
\sidebarheight=\dimen150
\beamer@tempdim=\dimen151
\beamer@finalheight=\dimen152
\beamer@animht=\dimen153
\beamer@animdp=\dimen154
\beamer@animwd=\dimen155
\beamer@leftmargin=\dimen156
\beamer@rightmargin=\dimen157
\beamer@leftsidebar=\dimen158
\beamer@rightsidebar=\dimen159
\beamer@boxsize=\dimen160
\beamer@vboxoffset=\dimen161
\beamer@descdefault=\dimen162
\beamer@descriptionwidth=\dimen163
\beamer@lastskip=\skip49
\beamer@areabox=\box56
\beamer@animcurrent=\box57
\beamer@animshowbox=\box58
\beamer@sectionbox=\box59
\beamer@logobox=\box60
\beamer@linebox=\box61
\beamer@sectioncount=\count281
\beamer@subsubsectionmax=\count282
\beamer@subsectionmax=\count283
\beamer@sectionmax=\count284
\beamer@totalheads=\count285
\beamer@headcounter=\count286
\beamer@partstartpage=\count287
\beamer@sectionstartpage=\count288
\beamer@subsectionstartpage=\count289
\beamer@animationtempa=\count290
\beamer@animationtempb=\count291
\beamer@xpos=\count292
\beamer@ypos=\count293
\beamer@ypos@offset=\count294
\beamer@showpartnumber=\count295
\beamer@currentsubsection=\count296
\beamer@coveringdepth=\count297
\beamer@sectionadjust=\count298
\beamer@toclastsection=\count299
\beamer@tocsectionnumber=\count300

(/usr/local/texlive/2026/texmf-dist/tex/latex/beamer/beamerbaseoptions.sty
(/usr/local/texlive/2026/texmf-dist/tex/latex/graphics/keyval.sty
Package: keyval 2022/05/29 v1.15 key=value parser (DPC)
\KV@toks@=\toks17
))
\beamer@paperwidth=\skip50
\beamer@paperheight=\skip51

(/usr/local/texlive/2026/texmf-dist/tex/latex/geometry/geometry.sty
Package: geometry 2026/03/07 v6.0 Page Geometry

(/usr/local/texlive/2026/texmf-dist/tex/generic/iftex/ifvtex.sty
Package: ifvtex 2019/10/25 v1.7 ifvtex legacy package. Use iftex instead.
)
\Gm@cnth=\count301
\Gm@cntv=\count302
\c@Gm@tempcnt=\count303
\Gm@bindingoffset=\dimen164
\Gm@wd@mp=\dimen165
\Gm@odd@mp=\dimen166
\Gm@even@mp=\dimen167
\Gm@layoutwidth=\dimen168
\Gm@layoutheight=\dimen169
\Gm@layouthoffset=\dimen170
\Gm@layoutvoffset=\dimen171
\Gm@dimlist=\toks18
)
(/usr/local/texlive/2026/texmf-dist/tex/latex/pgf/math/pgfmath.sty
(/usr/local/texlive/2026/texmf-dist/tex/latex/pgf/utilities/pgfrcs.sty
(/usr/local/texlive/2026/texmf-dist/tex/generic/pgf/utilities/pgfutil-common.te
x
\pgfutil@everybye=\toks19
\pgfutil@tempdima=\dimen172
\pgfutil@tempdimb=\dimen173
)
(/usr/local/texlive/2026/texmf-dist/tex/generic/pgf/utilities/pgfutil-latex.def
\pgfutil@abb=\box62
) (/usr/local/texlive/2026/texmf-dist/tex/generic/pgf/utilities/pgfrcs.code.tex
(/usr/local/texlive/2026/texmf-dist/tex/generic/pgf/pgf.revision.tex)
Package: pgfrcs 2025-08-29 v3.1.11a (3.1.11a)
))
(/usr/local/texlive/2026/texmf-dist/tex/latex/pgf/utilities/pgfkeys.sty
(/usr/local/texlive/2026/texmf-dist/tex/generic/pgf/utilities/pgfkeys.code.tex
\pgfkeys@pathtoks=\toks20
\pgfkeys@temptoks=\toks21

(/usr/local/texlive/2026/texmf-dist/tex/generic/pgf/utilities/pgfkeyslibraryfil
tered.code.tex
\pgfkeys@tmptoks=\toks22
)))
(/usr/local/texlive/2026/texmf-dist/tex/generic/pgf/math/pgfmath.code.tex
(/usr/local/texlive/2026/texmf-dist/tex/generic/pgf/math/pgfmathutil.code.tex
\pgf@x=\dimen174
\pgf@xa=\dimen175
\pgf@xb=\dimen176
\pgf@xc=\dimen177
\pgf@y=\dimen178
\pgf@ya=\dimen179
\pgf@yb=\dimen180
\pgf@yc=\dimen181
\c@pgf@counta=\count304
\c@pgf@countb=\count305
\c@pgf@countc=\count306
\c@pgf@countd=\count307
)
(/usr/local/texlive/2026/texmf-dist/tex/generic/pgf/math/pgfmathparser.code.tex
\pgfmath@dimen=\dimen182
\pgfmath@count=\count308
\pgfmath@box=\box63
\pgfmath@toks=\toks23
\pgfmath@stack@operand=\toks24
\pgfmath@stack@operation=\toks25
)
(/usr/local/texlive/2026/texmf-dist/tex/generic/pgf/math/pgfmathfunctions.code.
tex)
(/usr/local/texlive/2026/texmf-dist/tex/generic/pgf/math/pgfmathfunctions.basic
.code.tex)
(/usr/local/texlive/2026/texmf-dist/tex/generic/pgf/math/pgfmathfunctions.trigo
nometric.code.tex)
(/usr/local/texlive/2026/texmf-dist/tex/generic/pgf/math/pgfmathfunctions.rando
m.code.tex)
(/usr/local/texlive/2026/texmf-dist/tex/generic/pgf/math/pgfmathfunctions.compa
rison.code.tex)
(/usr/local/texlive/2026/texmf-dist/tex/generic/pgf/math/pgfmathfunctions.base.
code.tex)
(/usr/local/texlive/2026/texmf-dist/tex/generic/pgf/math/pgfmathfunctions.round
.code.tex)
(/usr/local/texlive/2026/texmf-dist/tex/generic/pgf/math/pgfmathfunctions.misc.
code.tex)
(/usr/local/texlive/2026/texmf-dist/tex/generic/pgf/math/pgfmathfunctions.integ
erarithmetics.code.tex)
(/usr/local/texlive/2026/texmf-dist/tex/generic/pgf/math/pgfmathcalc.code.tex)
(/usr/local/texlive/2026/texmf-dist/tex/generic/pgf/math/pgfmathfloat.code.tex
\c@pgfmathroundto@lastzeros=\count309
))) (/usr/local/texlive/2026/texmf-dist/tex/latex/extsizes/size9.clo
File: size9.clo 1999/11/11 v1.4a NON-Standard LaTeX file (size option)
)
(/usr/local/texlive/2026/texmf-dist/tex/latex/pgf/basiclayer/pgfcore.sty
(/usr/local/texlive/2026/texmf-dist/tex/latex/graphics/graphicx.sty
Package: graphicx 2024/12/31 v1.2e Enhanced LaTeX Graphics (DPC,SPQR)

(/usr/local/texlive/2026/texmf-dist/tex/latex/graphics/graphics.sty
Package: graphics 2024/08/06 v1.4g Standard LaTeX Graphics (DPC,SPQR)

(/usr/local/texlive/2026/texmf-dist/tex/latex/graphics/trig.sty
Package: trig 2023/12/02 v1.11 sin cos tan (DPC)
)
(/usr/local/texlive/2026/texmf-dist/tex/latex/graphics-cfg/graphics.cfg
File: graphics.cfg 2016/06/04 v1.11 sample graphics configuration
)
Package graphics Info: Driver file: pdftex.def on input line 106.

(/usr/local/texlive/2026/texmf-dist/tex/latex/graphics-def/pdftex.def
File: pdftex.def 2025/09/29 v1.2d Graphics/color driver for pdftex
))
\Gin@req@height=\dimen183
\Gin@req@width=\dimen184
)
(/usr/local/texlive/2026/texmf-dist/tex/latex/pgf/systemlayer/pgfsys.sty
(/usr/local/texlive/2026/texmf-dist/tex/generic/pgf/systemlayer/pgfsys.code.tex
Package: pgfsys 2025-08-29 v3.1.11a (3.1.11a)
\pgf@x=\dimen185
\pgf@y=\dimen186
\pgf@xa=\dimen187
\pgf@ya=\dimen188
\pgf@xb=\dimen189
\pgf@yb=\dimen190
\pgf@xc=\dimen191
\pgf@yc=\dimen192
\pgf@xd=\dimen193
\pgf@yd=\dimen194
\w@pgf@writea=\write3
\r@pgf@reada=\read2
\c@pgf@counta=\count310
\c@pgf@countb=\count311
\c@pgf@countc=\count312
\c@pgf@countd=\count313
\t@pgf@toka=\toks26
\t@pgf@tokb=\toks27
\t@pgf@tokc=\toks28
\pgf@sys@id@count=\count314
(/usr/local/texlive/2026/texmf-dist/tex/generic/pgf/systemlayer/pgf.cfg
File: pgf.cfg 2025-08-29 v3.1.11a (3.1.11a)
)
Driver file for pgf: pgfsys-pdftex.def

(/usr/local/texlive/2026/texmf-dist/tex/generic/pgf/systemlayer/pgfsys-pdftex.d
ef
File: pgfsys-pdftex.def 2025-08-29 v3.1.11a (3.1.11a)

(/usr/local/texlive/2026/texmf-dist/tex/generic/pgf/systemlayer/pgfsys-common-p
df.def
File: pgfsys-common-pdf.def 2025-08-29 v3.1.11a (3.1.11a)
)))
(/usr/local/texlive/2026/texmf-dist/tex/generic/pgf/systemlayer/pgfsyssoftpath.
code.tex
File: pgfsyssoftpath.code.tex 2025-08-29 v3.1.11a (3.1.11a)
\pgfsyssoftpath@smallbuffer@items=\count315
\pgfsyssoftpath@bigbuffer@items=\count316
)
(/usr/local/texlive/2026/texmf-dist/tex/generic/pgf/systemlayer/pgfsysprotocol.
code.tex
File: pgfsysprotocol.code.tex 2025-08-29 v3.1.11a (3.1.11a)
)) (/usr/local/texlive/2026/texmf-dist/tex/latex/xcolor/xcolor.sty
Package: xcolor 2024/09/29 v3.02 LaTeX color extensions (UK)

(/usr/local/texlive/2026/texmf-dist/tex/latex/graphics-cfg/color.cfg
File: color.cfg 2016/01/02 v1.6 sample color configuration
)
Package xcolor Info: Driver file: pdftex.def on input line 274.

(/usr/local/texlive/2026/texmf-dist/tex/latex/graphics/mathcolor.ltx)
Package xcolor Info: Model `cmy' substituted by `cmy0' on input line 1349.
Package xcolor Info: Model `hsb' substituted by `rgb' on input line 1353.
Package xcolor Info: Model `RGB' extended on input line 1365.
Package xcolor Info: Model `HTML' substituted by `rgb' on input line 1367.
Package xcolor Info: Model `Hsb' substituted by `hsb' on input line 1368.
Package xcolor Info: Model `tHsb' substituted by `hsb' on input line 1369.
Package xcolor Info: Model `HSB' substituted by `hsb' on input line 1370.
Package xcolor Info: Model `Gray' substituted by `gray' on input line 1371.
Package xcolor Info: Model `wave' substituted by `hsb' on input line 1372.
)
(/usr/local/texlive/2026/texmf-dist/tex/generic/pgf/basiclayer/pgfcore.code.tex
Package: pgfcore 2025-08-29 v3.1.11a (3.1.11a)
(/usr/local/texlive/2026/texmf-dist/tex/generic/pgf/math/pgfint.code.tex)
(/usr/local/texlive/2026/texmf-dist/tex/generic/pgf/basiclayer/pgfcorepoints.co
de.tex
File: pgfcorepoints.code.tex 2025-08-29 v3.1.11a (3.1.11a)
\pgf@picminx=\dimen195
\pgf@picmaxx=\dimen196
\pgf@picminy=\dimen197
\pgf@picmaxy=\dimen198
\pgf@pathminx=\dimen199
\pgf@pathmaxx=\dimen256
\pgf@pathminy=\dimen257
\pgf@pathmaxy=\dimen258
\pgf@xx=\dimen259
\pgf@xy=\dimen260
\pgf@yx=\dimen261
\pgf@yy=\dimen262
\pgf@zx=\dimen263
\pgf@zy=\dimen264
)
(/usr/local/texlive/2026/texmf-dist/tex/generic/pgf/basiclayer/pgfcorepathconst
ruct.code.tex
File: pgfcorepathconstruct.code.tex 2025-08-29 v3.1.11a (3.1.11a)
\pgf@path@lastx=\dimen265
\pgf@path@lasty=\dimen266
)
(/usr/local/texlive/2026/texmf-dist/tex/generic/pgf/basiclayer/pgfcorepathusage
.code.tex
File: pgfcorepathusage.code.tex 2025-08-29 v3.1.11a (3.1.11a)
\pgf@shorten@end@additional=\dimen267
\pgf@shorten@start@additional=\dimen268
)
(/usr/local/texlive/2026/texmf-dist/tex/generic/pgf/basiclayer/pgfcorescopes.co
de.tex
File: pgfcorescopes.code.tex 2025-08-29 v3.1.11a (3.1.11a)
\pgfpic=\box64
\pgf@hbox=\box65
\pgf@layerbox@main=\box66
\pgf@picture@serial@count=\count317
)
(/usr/local/texlive/2026/texmf-dist/tex/generic/pgf/basiclayer/pgfcoregraphicst
ate.code.tex
File: pgfcoregraphicstate.code.tex 2025-08-29 v3.1.11a (3.1.11a)
\pgflinewidth=\dimen269
)
(/usr/local/texlive/2026/texmf-dist/tex/generic/pgf/basiclayer/pgfcoretransform
ations.code.tex
File: pgfcoretransformations.code.tex 2025-08-29 v3.1.11a (3.1.11a)
\pgf@pt@x=\dimen270
\pgf@pt@y=\dimen271
\pgf@pt@temp=\dimen272
)
(/usr/local/texlive/2026/texmf-dist/tex/generic/pgf/basiclayer/pgfcorequick.cod
e.tex
File: pgfcorequick.code.tex 2025-08-29 v3.1.11a (3.1.11a)
)
(/usr/local/texlive/2026/texmf-dist/tex/generic/pgf/basiclayer/pgfcoreobjects.c
ode.tex
File: pgfcoreobjects.code.tex 2025-08-29 v3.1.11a (3.1.11a)
)
(/usr/local/texlive/2026/texmf-dist/tex/generic/pgf/basiclayer/pgfcorepathproce
ssing.code.tex
File: pgfcorepathprocessing.code.tex 2025-08-29 v3.1.11a (3.1.11a)
)
(/usr/local/texlive/2026/texmf-dist/tex/generic/pgf/basiclayer/pgfcorearrows.co
de.tex
File: pgfcorearrows.code.tex 2025-08-29 v3.1.11a (3.1.11a)
\pgfarrowsep=\dimen273
)
(/usr/local/texlive/2026/texmf-dist/tex/generic/pgf/basiclayer/pgfcoreshade.cod
e.tex
File: pgfcoreshade.code.tex 2025-08-29 v3.1.11a (3.1.11a)
\pgf@max=\dimen274
\pgf@sys@shading@range@num=\count318
\pgf@shadingcount=\count319
)
(/usr/local/texlive/2026/texmf-dist/tex/generic/pgf/basiclayer/pgfcoreimage.cod
e.tex
File: pgfcoreimage.code.tex 2025-08-29 v3.1.11a (3.1.11a)
)
(/usr/local/texlive/2026/texmf-dist/tex/generic/pgf/basiclayer/pgfcoreexternal.
code.tex
File: pgfcoreexternal.code.tex 2025-08-29 v3.1.11a (3.1.11a)
\pgfexternal@startupbox=\box67
)
(/usr/local/texlive/2026/texmf-dist/tex/generic/pgf/basiclayer/pgfcorelayers.co
de.tex
File: pgfcorelayers.code.tex 2025-08-29 v3.1.11a (3.1.11a)
)
(/usr/local/texlive/2026/texmf-dist/tex/generic/pgf/basiclayer/pgfcoretranspare
ncy.code.tex
File: pgfcoretransparency.code.tex 2025-08-29 v3.1.11a (3.1.11a)
)
(/usr/local/texlive/2026/texmf-dist/tex/generic/pgf/basiclayer/pgfcorepatterns.
code.tex
File: pgfcorepatterns.code.tex 2025-08-29 v3.1.11a (3.1.11a)
)
(/usr/local/texlive/2026/texmf-dist/tex/generic/pgf/basiclayer/pgfcorerdf.code.
tex
File: pgfcorerdf.code.tex 2025-08-29 v3.1.11a (3.1.11a)
))) (/usr/local/texlive/2026/texmf-dist/tex/latex/pgf/utilities/xxcolor.sty
Package: xxcolor 2003/10/24 ver 0.1
\XC@nummixins=\count320
\XC@countmixins=\count321
) (/usr/local/texlive/2026/texmf-dist/tex/latex/base/atbegshi-ltx.sty
Package: atbegshi-ltx 2021/01/10 v1.0c Emulation of the original atbegshi
package with kernel methods
)
(/usr/local/texlive/2026/texmf-dist/tex/latex/hyperref/hyperref.sty
Package: hyperref 2026-01-29 v7.01p Hypertext links for LaTeX

(/usr/local/texlive/2026/texmf-dist/tex/latex/kvsetkeys/kvsetkeys.sty
Package: kvsetkeys 2022-10-05 v1.19 Key value parser (HO)
)
(/usr/local/texlive/2026/texmf-dist/tex/generic/kvdefinekeys/kvdefinekeys.sty
Package: kvdefinekeys 2019-12-19 v1.6 Define keys (HO)
)
(/usr/local/texlive/2026/texmf-dist/tex/generic/pdfescape/pdfescape.sty
Package: pdfescape 2019/12/09 v1.15 Implements pdfTeX's escape features (HO)

(/usr/local/texlive/2026/texmf-dist/tex/generic/ltxcmds/ltxcmds.sty
Package: ltxcmds 2023-12-04 v1.26 LaTeX kernel commands for general use (HO)
)
(/usr/local/texlive/2026/texmf-dist/tex/generic/pdftexcmds/pdftexcmds.sty
Package: pdftexcmds 2020-06-27 v0.33 Utility functions of pdfTeX for LuaTeX (HO
)

(/usr/local/texlive/2026/texmf-dist/tex/generic/infwarerr/infwarerr.sty
Package: infwarerr 2019/12/03 v1.5 Providing info/warning/error messages (HO)
)
Package pdftexcmds Info: \pdf@primitive is available.
Package pdftexcmds Info: \pdf@ifprimitive is available.
Package pdftexcmds Info: \pdfdraftmode found.
))
(/usr/local/texlive/2026/texmf-dist/tex/latex/hycolor/hycolor.sty
Package: hycolor 2020-01-27 v1.10 Color options for hyperref/bookmark (HO)
)
(/usr/local/texlive/2026/texmf-dist/tex/latex/hyperref/nameref.sty
Package: nameref 2026-01-29 v2.58 Cross-referencing by name of section

(/usr/local/texlive/2026/texmf-dist/tex/latex/refcount/refcount.sty
Package: refcount 2019/12/15 v3.6 Data extraction from label references (HO)
)
(/usr/local/texlive/2026/texmf-dist/tex/generic/gettitlestring/gettitlestring.s
ty
Package: gettitlestring 2019/12/15 v1.6 Cleanup title references (HO)
 (/usr/local/texlive/2026/texmf-dist/tex/latex/kvoptions/kvoptions.sty
Package: kvoptions 2022-06-15 v3.15 Key value format for package options (HO)
))
\c@section@level=\count322
)
(/usr/local/texlive/2026/texmf-dist/tex/generic/stringenc/stringenc.sty
Package: stringenc 2019/11/29 v1.12 Convert strings between diff. encodings (HO
)
)
\@linkdim=\dimen275
\Hy@linkcounter=\count323
\Hy@pagecounter=\count324

(/usr/local/texlive/2026/texmf-dist/tex/latex/hyperref/pd1enc.def
File: pd1enc.def 2026-01-29 v7.01p Hyperref: PDFDocEncoding definition (HO)
Now handling font encoding PD1 ...
... no UTF-8 mapping file for font encoding PD1
)
(/usr/local/texlive/2026/texmf-dist/tex/generic/intcalc/intcalc.sty
Package: intcalc 2019/12/15 v1.3 Expandable calculations with integers (HO)
)
\Hy@SavedSpaceFactor=\count325

(/usr/local/texlive/2026/texmf-dist/tex/latex/hyperref/puenc.def
File: puenc.def 2026-01-29 v7.01p Hyperref: PDF Unicode definition (HO)
Now handling font encoding PU ...
... no UTF-8 mapping file for font encoding PU
)
Package hyperref Info: Option `bookmarks' set `true' on input line 4072.
Package hyperref Info: Option `bookmarksopen' set `true' on input line 4072.
Package hyperref Info: Option `implicit' set `false' on input line 4072.
Package hyperref Info: Hyper figures OFF on input line 4201.
Package hyperref Info: Link nesting OFF on input line 4206.
Package hyperref Info: Hyper index ON on input line 4209.
Package hyperref Info: Plain pages OFF on input line 4216.
Package hyperref Info: Backreferencing OFF on input line 4221.
Package hyperref Info: Implicit mode OFF; no redefinition of LaTeX internals.
Package hyperref Info: Bookmarks ON on input line 4468.
\c@Hy@tempcnt=\count326

(/usr/local/texlive/2026/texmf-dist/tex/latex/url/url.sty
\Urlmuskip=\muskip17
Package: url 2013/09/16  ver 3.4  Verb mode for urls, etc.
)
LaTeX Info: Redefining \url on input line 4807.
\XeTeXLinkMargin=\dimen276

(/usr/local/texlive/2026/texmf-dist/tex/generic/bitset/bitset.sty
Package: bitset 2019/12/09 v1.3 Handle bit-vector datatype (HO)

(/usr/local/texlive/2026/texmf-dist/tex/generic/bigintcalc/bigintcalc.sty
Package: bigintcalc 2019/12/15 v1.5 Expandable calculations on big integers (HO
)
))
\Fld@menulength=\count327
\Field@Width=\dimen277
\Fld@charsize=\dimen278
Package hyperref Info: Hyper figures OFF on input line 6084.
Package hyperref Info: Link nesting OFF on input line 6089.
Package hyperref Info: Hyper index ON on input line 6092.
Package hyperref Info: backreferencing OFF on input line 6099.
Package hyperref Info: Link coloring OFF on input line 6104.
Package hyperref Info: Link coloring with OCG OFF on input line 6109.
Package hyperref Info: PDF/A mode OFF on input line 6114.
\Hy@abspage=\count328


Package hyperref Message: Stopped early.

)
Package hyperref Info: Driver (autodetected): hpdftex.
 (/usr/local/texlive/2026/texmf-dist/tex/latex/hyperref/hpdftex.def
File: hpdftex.def 2026-01-29 v7.01p Hyperref driver for pdfTeX
\Fld@listcount=\count329
\c@bookmark@seq@number=\count330

(/usr/local/texlive/2026/texmf-dist/tex/latex/rerunfilecheck/rerunfilecheck.sty
Package: rerunfilecheck 2025-06-21 v1.11 Rerun checks for auxiliary files (HO)

(/usr/local/texlive/2026/texmf-dist/tex/generic/uniquecounter/uniquecounter.sty
Package: uniquecounter 2019/12/15 v1.4 Provide unlimited unique counter (HO)
)
Package uniquecounter Info: New unique counter `rerunfilecheck' on input line 2
84.
)) (/usr/local/texlive/2026/texmf-dist/tex/latex/beamer/beamerbaserequires.sty
(/usr/local/texlive/2026/texmf-dist/tex/latex/beamer/beamerbasecompatibility.st
y) (/usr/local/texlive/2026/texmf-dist/tex/latex/beamer/beamerbasefont.sty
(/usr/local/texlive/2026/texmf-dist/tex/latex/amsfonts/amssymb.sty
Package: amssymb 2013/01/14 v3.01 AMS font symbols

(/usr/local/texlive/2026/texmf-dist/tex/latex/amsfonts/amsfonts.sty
Package: amsfonts 2013/01/14 v3.01 Basic AMSFonts support
\@emptytoks=\toks29
\symAMSa=\mathgroup4
\symAMSb=\mathgroup5
LaTeX Font Info:    Redeclaring math symbol \hbar on input line 98.
LaTeX Font Info:    Overwriting math alphabet `\mathfrak' in version `bold'
(Font)                  U/euf/m/n --> U/euf/b/n on input line 106.
))
(/usr/local/texlive/2026/texmf-dist/tex/latex/sansmathaccent/sansmathaccent.sty
Package: sansmathaccent 2020/01/31
(/usr/local/texlive/2026/texmf-dist/tex/latex/koma-script/scrlfile.sty
Package: scrlfile 2026/02/02 v3.49.2 KOMA-Script package (file load hooks)

(/usr/local/texlive/2026/texmf-dist/tex/latex/koma-script/scrlfile-hook.sty
Package: scrlfile-hook 2026/02/02 v3.49.2 KOMA-Script package (using LaTeX hook
s)

(/usr/local/texlive/2026/texmf-dist/tex/latex/koma-script/scrlogo.sty
Package: scrlogo 2026/02/02 v3.49.2 KOMA-Script package (logo)
)))))
(/usr/local/texlive/2026/texmf-dist/tex/latex/beamer/beamerbasetranslator.sty
(/usr/local/texlive/2026/texmf-dist/tex/latex/translator/translator.sty
Package: translator 2021-05-31 v1.12d Easy translation of strings in LaTeX
))
(/usr/local/texlive/2026/texmf-dist/tex/latex/beamer/beamerbasemisc.sty)
(/usr/local/texlive/2026/texmf-dist/tex/latex/beamer/beamerbasetwoscreens.sty)
(/usr/local/texlive/2026/texmf-dist/tex/latex/beamer/beamerbaseoverlay.sty
\beamer@argscount=\count331
\beamer@lastskipcover=\skip52
\beamer@trivlistdepth=\count332
)
(/usr/local/texlive/2026/texmf-dist/tex/latex/beamer/beamerbasetitle.sty)
(/usr/local/texlive/2026/texmf-dist/tex/latex/beamer/beamerbasesection.sty
\c@lecture=\count333
\c@part=\count334
\c@section=\count335
\c@subsection=\count336
\c@subsubsection=\count337
)
(/usr/local/texlive/2026/texmf-dist/tex/latex/beamer/beamerbaseframe.sty
\beamer@framebox=\box68
\beamer@frametitlebox=\box69
\beamer@zoombox=\box70
\beamer@zoomcount=\count338
\beamer@zoomframecount=\count339
\beamer@frametextheight=\dimen279
\c@subsectionslide=\count340
\beamer@frametopskip=\skip53
\beamer@framebottomskip=\skip54
\beamer@frametopskipautobreak=\skip55
\beamer@framebottomskipautobreak=\skip56
\beamer@envbody=\toks30
\framewidth=\dimen280
\c@framenumber=\count341
)
(/usr/local/texlive/2026/texmf-dist/tex/latex/beamer/beamerbaseverbatim.sty
\beamer@verbatimfileout=\write4
)
(/usr/local/texlive/2026/texmf-dist/tex/latex/beamer/beamerbaseframesize.sty
\beamer@splitbox=\box71
\beamer@autobreakcount=\count342
\beamer@autobreaklastheight=\dimen281
\beamer@frametitletoks=\toks31
\beamer@framesubtitletoks=\toks32
)
(/usr/local/texlive/2026/texmf-dist/tex/latex/beamer/beamerbaseframecomponents.
sty
\beamer@colheight=\skip57
\beamer@footins=\box72
) (/usr/local/texlive/2026/texmf-dist/tex/latex/beamer/beamerbasecolor.sty)
(/usr/local/texlive/2026/texmf-dist/tex/latex/beamer/beamerbasenotes.sty
\beamer@frameboxcopy=\box73
)
(/usr/local/texlive/2026/texmf-dist/tex/latex/beamer/beamerbasetoc.sty)
(/usr/local/texlive/2026/texmf-dist/tex/latex/beamer/beamerbasetemplates.sty
\beamer@sbttoks=\toks33

(/usr/local/texlive/2026/texmf-dist/tex/latex/beamer/beamerbaseauxtemplates.sty
(/usr/local/texlive/2026/texmf-dist/tex/latex/beamer/beamerbaseboxes.sty
\bmb@box=\box74
\bmb@colorbox=\box75
\bmb@boxwidth=\dimen282
\bmb@boxheight=\dimen283
\bmb@prevheight=\dimen284
\bmb@temp=\dimen285
\bmb@dima=\dimen286
\bmb@dimb=\dimen287
\bmb@prevheight=\dimen288
)
\beamer@blockheadheight=\dimen289
))
(/usr/local/texlive/2026/texmf-dist/tex/latex/beamer/beamerbaselocalstructure.s
ty (/usr/local/texlive/2026/texmf-dist/tex/latex/tools/enumerate.sty
Package: enumerate 2023/07/04 v3.00 enumerate extensions (DPC)
\@enLab=\toks34
)
\beamer@bibiconwidth=\skip58
\c@figure=\count343
\c@table=\count344
\abovecaptionskip=\skip59
\belowcaptionskip=\skip60
)
(/usr/local/texlive/2026/texmf-dist/tex/latex/beamer/beamerbasenavigation.sty
(/usr/local/texlive/2026/texmf-dist/tex/latex/beamer/beamerbasenavigationsymbol
s.tex)
\beamer@section@min@dim=\dimen290
)
(/usr/local/texlive/2026/texmf-dist/tex/latex/beamer/beamerbasetheorems.sty
(/usr/local/texlive/2026/texmf-dist/tex/latex/amsmath/amsmath.sty
Package: amsmath 2025/07/09 v2.17z AMS math features
\@mathmargin=\skip61

For additional information on amsmath, use the `?' option.
(/usr/local/texlive/2026/texmf-dist/tex/latex/amsmath/amstext.sty
Package: amstext 2024/11/17 v2.01 AMS text

(/usr/local/texlive/2026/texmf-dist/tex/latex/amsmath/amsgen.sty
File: amsgen.sty 1999/11/30 v2.0 generic functions
\@emptytoks=\toks35
\ex@=\dimen291
))
(/usr/local/texlive/2026/texmf-dist/tex/latex/amsmath/amsbsy.sty
Package: amsbsy 1999/11/29 v1.2d Bold Symbols
\pmbraise@=\dimen292
)
(/usr/local/texlive/2026/texmf-dist/tex/latex/amsmath/amsopn.sty
Package: amsopn 2022/04/08 v2.04 operator names
)
\inf@bad=\count345
LaTeX Info: Redefining \frac on input line 233.
\uproot@=\count346
\leftroot@=\count347
LaTeX Info: Redefining \overline on input line 398.
LaTeX Info: Redefining \colon on input line 409.
\classnum@=\count348
\DOTSCASE@=\count349
LaTeX Info: Redefining \ldots on input line 495.
LaTeX Info: Redefining \dots on input line 498.
LaTeX Info: Redefining \cdots on input line 619.
\Mathstrutbox@=\box76
\strutbox@=\box77
LaTeX Info: Redefining \big on input line 721.
LaTeX Info: Redefining \Big on input line 722.
LaTeX Info: Redefining \bigg on input line 723.
LaTeX Info: Redefining \Bigg on input line 724.
\big@size=\dimen293
LaTeX Font Info:    Redeclaring font encoding OML on input line 742.
LaTeX Font Info:    Redeclaring font encoding OMS on input line 743.
\macc@depth=\count350
LaTeX Info: Redefining \bmod on input line 904.
LaTeX Info: Redefining \pmod on input line 909.
LaTeX Info: Redefining \smash on input line 939.
LaTeX Info: Redefining \relbar on input line 969.
LaTeX Info: Redefining \Relbar on input line 970.
\c@MaxMatrixCols=\count351
\dotsspace@=\muskip18
\c@parentequation=\count352
\dspbrk@lvl=\count353
\tag@help=\toks36
\row@=\count354
\column@=\count355
\maxfields@=\count356
\andhelp@=\toks37
\eqnshift@=\dimen294
\alignsep@=\dimen295
\tagshift@=\dimen296
\tagwidth@=\dimen297
\totwidth@=\dimen298
\lineht@=\dimen299
\@envbody=\toks38
\multlinegap=\skip62
\multlinetaggap=\skip63
\mathdisplay@stack=\toks39
LaTeX Info: Redefining \[ on input line 2950.
LaTeX Info: Redefining \] on input line 2951.
)
(/usr/local/texlive/2026/texmf-dist/tex/latex/amscls/amsthm.sty
Package: amsthm 2020/05/29 v2.20.6
\thm@style=\toks40
\thm@bodyfont=\toks41
\thm@headfont=\toks42
\thm@notefont=\toks43
\thm@headpunct=\toks44
\thm@preskip=\skip64
\thm@postskip=\skip65
\thm@headsep=\skip66
\dth@everypar=\toks45
)
\c@theorem=\count357
)
(/usr/local/texlive/2026/texmf-dist/tex/latex/beamer/beamerbasethemes.sty))
(/usr/local/texlive/2026/texmf-dist/tex/latex/beamer/beamerthemedefault.sty
(/usr/local/texlive/2026/texmf-dist/tex/latex/beamer/beamerfontthemedefault.sty
)
(/usr/local/texlive/2026/texmf-dist/tex/latex/beamer/beamercolorthemedefault.st
y)
(/usr/local/texlive/2026/texmf-dist/tex/latex/beamer/beamerinnerthemedefault.st
y
\beamer@dima=\dimen300
\beamer@dimb=\dimen301
)
(/usr/local/texlive/2026/texmf-dist/tex/latex/beamer/beamerouterthemedefault.st
y)))
(/usr/local/texlive/2026/texmf-dist/tex/latex/fontawesome5/fontawesome5.sty
(/usr/local/texlive/2026/texmf-dist/tex/latex/l3kernel/expl3.sty
Package: expl3 2026-01-19 L3 programming layer (loader) 

(/usr/local/texlive/2026/texmf-dist/tex/latex/l3backend/l3backend-pdftex.def
File: l3backend-pdftex.def 2025-10-09 L3 backend support: PDF output (pdfTeX)
\l__color_backend_stack_int=\count358
))
Package: fontawesome5 2022/05/02 v5.15.4 Font Awesome 5

(/usr/local/texlive/2026/texmf-dist/tex/latex/l3packages/l3keys2e/l3keys2e.sty
Package: l3keys2e 2025-10-09 LaTeX2e option processing using LaTeX3 keys
) (/usr/local/texlive/2026/texmf-dist/tex/latex/l3packages/xparse/xparse.sty
Package: xparse 2025-10-09 L3 Experimental document command parser
)
(/usr/local/texlive/2026/texmf-dist/tex/latex/fontawesome5/fontawesome5-generic
-helper.sty
Package: fontawesome5-generic-helper 2022/05/02 v5.15.4 non-uTeX helper for fon
tawesome5

(/usr/local/texlive/2026/texmf-dist/tex/latex/fontawesome5/fontawesome5-mapping
.def))) (/usr/local/texlive/2026/texmf-dist/tex/latex/base/inputenc.sty
Package: inputenc 2024/02/08 v1.3d Input encoding file
\inpenc@prehook=\toks46
\inpenc@posthook=\toks47
)
(/usr/local/texlive/2026/texmf-dist/tex/latex/base/fontenc.sty
Package: fontenc 2025/07/18 v2.1d Standard LaTeX package
)
(/usr/local/texlive/2026/texmf-dist/tex/latex/mathtools/mathtools.sty
Package: mathtools 2024/10/04 v1.31 mathematical typesetting tools

(/usr/local/texlive/2026/texmf-dist/tex/latex/tools/calc.sty
Package: calc 2025/03/01 v4.3b Infix arithmetic (KKT,FJ)
\calc@Acount=\count359
\calc@Bcount=\count360
\calc@Adimen=\dimen302
\calc@Bdimen=\dimen303
\calc@Askip=\skip67
\calc@Bskip=\skip68
LaTeX Info: Redefining \setlength on input line 86.
LaTeX Info: Redefining \addtolength on input line 87.
\calc@Ccount=\count361
\calc@Cskip=\skip69
)
(/usr/local/texlive/2026/texmf-dist/tex/latex/mathtools/mhsetup.sty
Package: mhsetup 2021/03/18 v1.4 programming setup (MH)
)
\g_MT_multlinerow_int=\count362
\l_MT_multwidth_dim=\dimen304
\origjot=\skip70
\l_MT_shortvdotswithinadjustabove_dim=\dimen305
\l_MT_shortvdotswithinadjustbelow_dim=\dimen306
\l_MT_above_intertext_sep=\dimen307
\l_MT_below_intertext_sep=\dimen308
\l_MT_above_shortintertext_sep=\dimen309
\l_MT_below_shortintertext_sep=\dimen310
\xmathstrut@box=\box78
\xmathstrut@dim=\dimen311
)
\sympureletters=\mathgroup6
LaTeX Font Info:    Overwriting symbol font `pureletters' in version `bold'
(Font)                  OT1/mathkerncmss/m/sl --> OT1/mathkerncmss/bx/sl on inp
ut line 129.

(/usr/local/texlive/2026/texmf-dist/tex/latex/tools/bm.sty
Package: bm 2025/10/21 v1.2g Bold Symbol Support (DPC/FMi)
\symboldoperators=\mathgroup7
\symboldletters=\mathgroup8
\symboldsymbols=\mathgroup9
Package bm Info: No bold for \OMX/cmex/m/n, using \pmb.
Package bm Info: No bold for \U/msa/m/n, using \pmb.
Package bm Info: No bold for \U/msb/m/n, using \pmb.
\symboldpureletters=\mathgroup10
LaTeX Font Info:    Redeclaring math alphabet \mathbf on input line 149.
)
(/usr/local/texlive/2026/texmf-dist/tex/latex/pgf/frontendlayer/tikz.sty
(/usr/local/texlive/2026/texmf-dist/tex/latex/pgf/basiclayer/pgf.sty
Package: pgf 2025-08-29 v3.1.11a (3.1.11a)

(/usr/local/texlive/2026/texmf-dist/tex/generic/pgf/modules/pgfmoduleshapes.cod
e.tex
File: pgfmoduleshapes.code.tex 2025-08-29 v3.1.11a (3.1.11a)
\pgfnodeparttextbox=\box79
)
(/usr/local/texlive/2026/texmf-dist/tex/generic/pgf/modules/pgfmoduleplot.code.
tex
File: pgfmoduleplot.code.tex 2025-08-29 v3.1.11a (3.1.11a)
)
(/usr/local/texlive/2026/texmf-dist/tex/latex/pgf/compatibility/pgfcomp-version
-0-65.sty
Package: pgfcomp-version-0-65 2025-08-29 v3.1.11a (3.1.11a)
\pgf@nodesepstart=\dimen312
\pgf@nodesepend=\dimen313
)
(/usr/local/texlive/2026/texmf-dist/tex/latex/pgf/compatibility/pgfcomp-version
-1-18.sty
Package: pgfcomp-version-1-18 2025-08-29 v3.1.11a (3.1.11a)
))
(/usr/local/texlive/2026/texmf-dist/tex/latex/pgf/utilities/pgffor.sty
(/usr/local/texlive/2026/texmf-dist/tex/generic/pgf/utilities/pgffor.code.tex
Package: pgffor 2025-08-29 v3.1.11a (3.1.11a)
\pgffor@iter=\dimen314
\pgffor@skip=\dimen315
\pgffor@stack=\toks48
\pgffor@toks=\toks49
))
(/usr/local/texlive/2026/texmf-dist/tex/generic/pgf/frontendlayer/tikz/tikz.cod
e.tex
Package: tikz 2025-08-29 v3.1.11a (3.1.11a)

(/usr/local/texlive/2026/texmf-dist/tex/generic/pgf/libraries/pgflibraryplothan
dlers.code.tex
File: pgflibraryplothandlers.code.tex 2025-08-29 v3.1.11a (3.1.11a)
\pgf@plot@mark@count=\count363
\pgfplotmarksize=\dimen316
)
\tikz@lastx=\dimen317
\tikz@lasty=\dimen318
\tikz@lastxsaved=\dimen319
\tikz@lastysaved=\dimen320
\tikz@lastmovetox=\dimen321
\tikz@lastmovetoy=\dimen322
\tikzleveldistance=\dimen323
\tikzsiblingdistance=\dimen324
\tikz@figbox=\box80
\tikz@figbox@bg=\box81
\tikz@tempbox=\box82
\tikz@tempbox@bg=\box83
\tikztreelevel=\count364
\tikznumberofchildren=\count365
\tikznumberofcurrentchild=\count366
\tikz@fig@count=\count367

(/usr/local/texlive/2026/texmf-dist/tex/generic/pgf/modules/pgfmodulematrix.cod
e.tex
File: pgfmodulematrix.code.tex 2025-08-29 v3.1.11a (3.1.11a)
\pgfmatrixcurrentrow=\count368
\pgfmatrixcurrentcolumn=\count369
\pgf@matrix@numberofcolumns=\count370
)
\tikz@expandcount=\count371

(/usr/local/texlive/2026/texmf-dist/tex/generic/pgf/frontendlayer/tikz/librarie
s/tikzlibrarytopaths.code.tex
File: tikzlibrarytopaths.code.tex 2025-08-29 v3.1.11a (3.1.11a)
)))
(/usr/local/texlive/2026/texmf-dist/tex/generic/pgf/libraries/pgflibraryarrows.
meta.code.tex
File: pgflibraryarrows.meta.code.tex 2025-08-29 v3.1.11a (3.1.11a)
\pgfarrowinset=\dimen325
\pgfarrowlength=\dimen326
\pgfarrowwidth=\dimen327
\pgfarrowlinewidth=\dimen328
)
(/usr/local/texlive/2026/texmf-dist/tex/generic/pgf/frontendlayer/tikz/librarie
s/tikzlibrarypositioning.code.tex
File: tikzlibrarypositioning.code.tex 2025-08-29 v3.1.11a (3.1.11a)
)
(/usr/local/texlive/2026/texmf-dist/tex/generic/pgf/frontendlayer/tikz/librarie
s/tikzlibraryshapes.code.tex
File: tikzlibraryshapes.code.tex 2025-08-29 v3.1.11a (3.1.11a)

(/usr/local/texlive/2026/texmf-dist/tex/generic/pgf/frontendlayer/tikz/librarie
s/tikzlibraryshapes.geometric.code.tex
File: tikzlibraryshapes.geometric.code.tex 2025-08-29 v3.1.11a (3.1.11a)

(/usr/local/texlive/2026/texmf-dist/tex/generic/pgf/libraries/shapes/pgflibrary
shapes.geometric.code.tex
File: pgflibraryshapes.geometric.code.tex 2025-08-29 v3.1.11a (3.1.11a)
))
(/usr/local/texlive/2026/texmf-dist/tex/generic/pgf/frontendlayer/tikz/librarie
s/tikzlibraryshapes.misc.code.tex
File: tikzlibraryshapes.misc.code.tex 2025-08-29 v3.1.11a (3.1.11a)

(/usr/local/texlive/2026/texmf-dist/tex/generic/pgf/libraries/shapes/pgflibrary
shapes.misc.code.tex
File: pgflibraryshapes.misc.code.tex 2025-08-29 v3.1.11a (3.1.11a)
))
(/usr/local/texlive/2026/texmf-dist/tex/generic/pgf/frontendlayer/tikz/librarie
s/tikzlibraryshapes.symbols.code.tex
File: tikzlibraryshapes.symbols.code.tex 2025-08-29 v3.1.11a (3.1.11a)

(/usr/local/texlive/2026/texmf-dist/tex/generic/pgf/libraries/shapes/pgflibrary
shapes.symbols.code.tex
File: pgflibraryshapes.symbols.code.tex 2025-08-29 v3.1.11a (3.1.11a)
))
(/usr/local/texlive/2026/texmf-dist/tex/generic/pgf/frontendlayer/tikz/librarie
s/tikzlibraryshapes.arrows.code.tex
File: tikzlibraryshapes.arrows.code.tex 2025-08-29 v3.1.11a (3.1.11a)

(/usr/local/texlive/2026/texmf-dist/tex/generic/pgf/libraries/shapes/pgflibrary
shapes.arrows.code.tex
File: pgflibraryshapes.arrows.code.tex 2025-08-29 v3.1.11a (3.1.11a)
))
(/usr/local/texlive/2026/texmf-dist/tex/generic/pgf/frontendlayer/tikz/librarie
s/tikzlibraryshapes.callouts.code.tex
(/usr/local/texlive/2026/texmf-dist/tex/generic/pgf/libraries/shapes/pgflibrary
shapes.callouts.code.tex))
(/usr/local/texlive/2026/texmf-dist/tex/generic/pgf/frontendlayer/tikz/librarie
s/tikzlibraryshapes.multipart.code.tex
File: tikzlibraryshapes.multipart.code.tex 2025-08-29 v3.1.11a (3.1.11a)

(/usr/local/texlive/2026/texmf-dist/tex/generic/pgf/libraries/shapes/pgflibrary
shapes.multipart.code.tex
File: pgflibraryshapes.multipart.code.tex 2025-08-29 v3.1.11a (3.1.11a)
\pgfnodepartlowerbox=\box84
\pgfnodeparttwobox=\box85
\pgfnodepartthreebox=\box86
\pgfnodepartfourbox=\box87
\pgfnodeparttwentybox=\box88
\pgfnodepartnineteenbox=\box89
\pgfnodeparteighteenbox=\box90
\pgfnodepartseventeenbox=\box91
\pgfnodepartsixteenbox=\box92
\pgfnodepartfifteenbox=\box93
\pgfnodepartfourteenbox=\box94
\pgfnodepartthirteenbox=\box95
\pgfnodeparttwelvebox=\box96
\pgfnodepartelevenbox=\box97
\pgfnodeparttenbox=\box98
\pgfnodepartninebox=\box99
\pgfnodeparteightbox=\box100
\pgfnodepartsevenbox=\box101
\pgfnodepartsixbox=\box102
\pgfnodepartfivebox=\box103
)))
(/usr/local/texlive/2026/texmf-dist/tex/generic/pgf/frontendlayer/tikz/librarie
s/tikzlibrarycalc.code.tex
File: tikzlibrarycalc.code.tex 2025-08-29 v3.1.11a (3.1.11a)
)
(/usr/local/texlive/2026/texmf-dist/tex/generic/pgf/frontendlayer/tikz/librarie
s/tikzlibrarydecorations.pathreplacing.code.tex
(/usr/local/texlive/2026/texmf-dist/tex/generic/pgf/frontendlayer/tikz/librarie
s/tikzlibrarydecorations.code.tex
(/usr/local/texlive/2026/texmf-dist/tex/generic/pgf/modules/pgfmoduledecoration
s.code.tex
\pgfdecoratedcompleteddistance=\dimen329
\pgfdecoratedremainingdistance=\dimen330
\pgfdecoratedinputsegmentcompleteddistance=\dimen331
\pgfdecoratedinputsegmentremainingdistance=\dimen332
\pgf@decorate@distancetomove=\dimen333
\pgf@decorate@repeatstate=\count372
\pgfdecorationsegmentamplitude=\dimen334
\pgfdecorationsegmentlength=\dimen335
)
\tikz@lib@dec@box=\box104
)
(/usr/local/texlive/2026/texmf-dist/tex/generic/pgf/libraries/decorations/pgfli
brarydecorations.pathreplacing.code.tex))
(/usr/local/texlive/2026/texmf-dist/tex/generic/pgf/frontendlayer/tikz/librarie
s/tikzlibraryshadings.code.tex
File: tikzlibraryshadings.code.tex 2025-08-29 v3.1.11a (3.1.11a)

(/usr/local/texlive/2026/texmf-dist/tex/generic/pgf/libraries/pgflibraryshading
s.code.tex
File: pgflibraryshadings.code.tex 2025-08-29 v3.1.11a (3.1.11a)
))
(/usr/local/texlive/2026/texmf-dist/tex/latex/booktabs/booktabs.sty
Package: booktabs 2020/01/12 v1.61803398 Publication quality tables
\heavyrulewidth=\dimen336
\lightrulewidth=\dimen337
\cmidrulewidth=\dimen338
\belowrulesep=\dimen339
\belowbottomsep=\dimen340
\aboverulesep=\dimen341
\abovetopsep=\dimen342
\cmidrulesep=\dimen343
\cmidrulekern=\dimen344
\defaultaddspace=\dimen345
\@cmidla=\count373
\@cmidlb=\count374
\@aboverulesep=\dimen346
\@belowrulesep=\dimen347
\@thisruleclass=\count375
\@lastruleclass=\count376
\@thisrulewidth=\dimen348
)
(/usr/local/texlive/2026/texmf-dist/tex/latex/multirow/multirow.sty
Package: multirow 2024/11/12 v2.9 Span multiple rows of a table
\multirow@colwidth=\skip71
\multirow@cntb=\count377
\multirow@dima=\skip72
\bigstrutjot=\dimen349
)
(/usr/local/texlive/2026/texmf-dist/tex/latex/tools/array.sty
Package: array 2025/09/25 v2.6n Tabular extension package (FMi)
\col@sep=\dimen350
\ar@mcellbox=\box105
\extrarowheight=\dimen351
\NC@list=\toks50
\extratabsurround=\skip73
\backup@length=\skip74
\ar@cellbox=\box106
)
(/usr/local/texlive/2026/texmf-dist/tex/latex/colortbl/colortbl.sty
Package: colortbl 2024/10/29 v1.0k Color table columns (DPC)
\everycr=\toks51
\minrowclearance=\skip75
\rownum=\count378
)
(/usr/local/texlive/2026/texmf-dist/tex/latex/listings/listings.sty
\lst@mode=\count379
\lst@gtempboxa=\box107
\lst@token=\toks52
\lst@length=\count380
\lst@currlwidth=\dimen352
\lst@column=\count381
\lst@pos=\count382
\lst@lostspace=\dimen353
\lst@width=\dimen354
\lst@newlines=\count383
\lst@lineno=\count384
\lst@maxwidth=\dimen355

(/usr/local/texlive/2026/texmf-dist/tex/latex/listings/lstpatch.sty
File: lstpatch.sty 2025/11/14 1.11b (Carsten Heinz)
)
(/usr/local/texlive/2026/texmf-dist/tex/latex/listings/lstmisc.sty
File: lstmisc.sty 2025/11/14 1.11b (Carsten Heinz)
\c@lstnumber=\count385
\lst@skipnumbers=\count386
\lst@framebox=\box108
)
(/usr/local/texlive/2026/texmf-dist/tex/latex/listings/listings.cfg
File: listings.cfg 2025/11/14 1.11b listings configuration
))
Package: listings 2025/11/14 1.11b (Carsten Heinz)

==> First Aid for listings.sty no longer applied!
    Expected:
        2024/09/23 1.10c (Carsten Heinz)
    but found:
        2025/11/14 1.11b (Carsten Heinz)
    so I'm assuming it got fixed.
(/usr/local/texlive/2026/texmf-dist/tex/latex/listings/lstlang1.sty
File: lstlang1.sty 2025/11/14 1.11b listings language file
)
Package hyperref Info: Option `colorlinks' set `true' on input line 141.
\c@defn=\count387
\c@thm=\count388
\c@prop=\count389
\c@rmk=\count390

(./chapter2_statistical_distributions.aux)
\openout1 = `chapter2_statistical_distributions.aux'.

LaTeX Font Info:    Checking defaults for OML/cmm/m/it on input line 257.
LaTeX Font Info:    ... okay on input line 257.
LaTeX Font Info:    Checking defaults for OMS/cmsy/m/n on input line 257.
LaTeX Font Info:    ... okay on input line 257.
LaTeX Font Info:    Checking defaults for OT1/cmr/m/n on input line 257.
LaTeX Font Info:    ... okay on input line 257.
LaTeX Font Info:    Checking defaults for T1/cmr/m/n on input line 257.
LaTeX Font Info:    ... okay on input line 257.
LaTeX Font Info:    Checking defaults for TS1/cmr/m/n on input line 257.
LaTeX Font Info:    ... okay on input line 257.
LaTeX Font Info:    Checking defaults for OMX/cmex/m/n on input line 257.
LaTeX Font Info:    ... okay on input line 257.
LaTeX Font Info:    Checking defaults for U/cmr/m/n on input line 257.
LaTeX Font Info:    ... okay on input line 257.
LaTeX Font Info:    Checking defaults for PD1/pdf/m/n on input line 257.
LaTeX Font Info:    ... okay on input line 257.
LaTeX Font Info:    Checking defaults for PU/pdf/m/n on input line 257.
LaTeX Font Info:    ... okay on input line 257.

*geometry* driver: auto-detecting
*geometry* detected driver: pdftex
*geometry* verbose mode - [ preamble ] result:
* driver: pdftex
* paper: custom
* layout: <same size as paper>
* layoutoffset:(h,v)=(0.0pt,0.0pt)
* modes: includehead includefoot 
* h-part:(L,W,R)=(22.76219pt, 409.7197pt, 22.76219pt)
* v-part:(T,H,B)=(0.0pt, 256.0748pt, 0.0pt)
* \paperwidth=455.24408pt
* \paperheight=256.0748pt
* \textwidth=409.7197pt
* \textheight=227.62207pt
* \oddsidemargin=-49.5078pt
* \evensidemargin=-49.5078pt
* \topmargin=-72.26999pt
* \headheight=14.22636pt
* \headsep=0.0pt
* \topskip=9.0pt
* \footskip=14.22636pt
* \marginparwidth=4.0pt
* \marginparsep=10.0pt
* \columnsep=10.0pt
* \skip\footins=8.0pt plus 4.0pt minus 2.0pt
* \hoffset=0.0pt
* \voffset=0.0pt
* \mag=1000
* \@twocolumnfalse
* \@twosidefalse
* \@mparswitchfalse
* \@reversemarginfalse
* (1in=72.27pt=25.4mm, 1cm=28.453pt)

(/usr/local/texlive/2026/texmf-dist/tex/context/base/mkii/supp-pdf.mkii
[Loading MPS to PDF converter (version 2006.09.02).]
\scratchcounter=\count391
\scratchdimen=\dimen356
\scratchbox=\box109
\nofMPsegments=\count392
\nofMParguments=\count393
\everyMPshowfont=\toks53
\MPscratchCnt=\count394
\MPscratchDim=\dimen357
\MPnumerator=\count395
\makeMPintoPDFobject=\count396
\everyMPtoPDFconversion=\toks54
) (/usr/local/texlive/2026/texmf-dist/tex/latex/epstopdf-pkg/epstopdf-base.sty
Package: epstopdf-base 2020-01-24 v2.11 Base part for package epstopdf
Package epstopdf-base Info: Redefining graphics rule for `.eps' on input line 4
85.

(/usr/local/texlive/2026/texmf-dist/tex/latex/latexconfig/epstopdf-sys.cfg
File: epstopdf-sys.cfg 2010/07/13 v1.3 Configuration of (r)epstopdf for TeX Liv
e
))
Package hyperref Info: Link coloring ON on input line 257.

(./chapter2_statistical_distributions.out)
(./chapter2_statistical_distributions.out)
\@outlinefile=\write5
\openout5 = `chapter2_statistical_distributions.out'.

LaTeX Font Info:    Overwriting symbol font `operators' in version `normal'
(Font)                  OT1/cmr/m/n --> OT1/cmss/m/n on input line 257.
LaTeX Font Info:    Overwriting symbol font `operators' in version `bold'
(Font)                  OT1/cmr/bx/n --> OT1/cmss/b/n on input line 257.
\symnumbers=\mathgroup11
LaTeX Font Info:    Redeclaring symbol font `pureletters' on input line 257.
LaTeX Font Info:    Encoding `OT1' has changed to `T1' for symbol font
(Font)              `pureletters' in the math version `normal' on input line 25
7.
LaTeX Font Info:    Overwriting symbol font `pureletters' in version `normal'
(Font)                  OT1/mathkerncmss/m/sl --> T1/cmss/m/it on input line 25
7.
LaTeX Font Info:    Encoding `OT1' has changed to `T1' for symbol font
(Font)              `pureletters' in the math version `bold' on input line 257.

LaTeX Font Info:    Overwriting symbol font `pureletters' in version `bold'
(Font)                  OT1/mathkerncmss/bx/sl --> T1/cmss/m/it on input line 2
57.
LaTeX Font Info:    Overwriting math alphabet `\mathrm' in version `normal'
(Font)                  OT1/cmss/m/n --> T1/cmr/m/n on input line 257.
LaTeX Font Info:    Redeclaring math alphabet \mathbf on input line 257.
LaTeX Font Info:    Redeclaring math alphabet \mathsf on input line 257.
LaTeX Font Info:    Overwriting math alphabet `\mathsf' in version `normal'
(Font)                  OT1/cmss/m/n --> T1/cmss/m/n on input line 257.
LaTeX Font Info:    Overwriting math alphabet `\mathsf' in version `bold'
(Font)                  OT1/cmss/bx/n --> T1/cmss/m/n on input line 257.
LaTeX Font Info:    Redeclaring math alphabet \mathit on input line 257.
LaTeX Font Info:    Overwriting math alphabet `\mathit' in version `normal'
(Font)                  OT1/cmr/m/it --> T1/cmss/m/it on input line 257.
LaTeX Font Info:    Overwriting math alphabet `\mathit' in version `bold'
(Font)                  OT1/cmr/bx/it --> T1/cmss/m/it on input line 257.
LaTeX Font Info:    Redeclaring math alphabet \mathtt on input line 257.
LaTeX Font Info:    Overwriting math alphabet `\mathtt' in version `normal'
(Font)                  OT1/cmtt/m/n --> T1/cmtt/m/n on input line 257.
LaTeX Font Info:    Overwriting math alphabet `\mathtt' in version `bold'
(Font)                  OT1/cmtt/m/n --> T1/cmtt/m/n on input line 257.
LaTeX Font Info:    Overwriting symbol font `numbers' in version `bold'
(Font)                  T1/cmss/m/n --> T1/cmss/b/n on input line 257.
LaTeX Font Info:    Overwriting symbol font `pureletters' in version `bold'
(Font)                  T1/cmss/m/it --> T1/cmss/b/it on input line 257.
LaTeX Font Info:    Overwriting math alphabet `\mathrm' in version `bold'
(Font)                  OT1/cmss/b/n --> T1/cmr/b/n on input line 257.
LaTeX Font Info:    Overwriting math alphabet `\mathbf' in version `bold'
(Font)                  T1/cmss/b/n --> T1/cmss/b/n on input line 257.
LaTeX Font Info:    Overwriting math alphabet `\mathsf' in version `bold'
(Font)                  T1/cmss/m/n --> T1/cmss/b/n on input line 257.
LaTeX Font Info:    Overwriting math alphabet `\mathit' in version `bold'
(Font)                  T1/cmss/m/it --> T1/cmss/b/it on input line 257.
LaTeX Font Info:    Overwriting math alphabet `\mathtt' in version `bold'
(Font)                  T1/cmtt/m/n --> T1/cmtt/b/n on input line 257.
LaTeX Font Info:    Redeclaring symbol font `pureletters' on input line 257.
LaTeX Font Info:    Encoding `T1' has changed to `OT1' for symbol font
(Font)              `pureletters' in the math version `normal' on input line 25
7.
LaTeX Font Info:    Overwriting symbol font `pureletters' in version `normal'
(Font)                  T1/cmss/m/it --> OT1/mathkerncmss/m/sl on input line 25
7.
LaTeX Font Info:    Encoding `T1' has changed to `OT1' for symbol font
(Font)              `pureletters' in the math version `bold' on input line 257.

LaTeX Font Info:    Overwriting symbol font `pureletters' in version `bold'
(Font)                  T1/cmss/b/it --> OT1/mathkerncmss/m/sl on input line 25
7.
LaTeX Font Info:    Overwriting symbol font `pureletters' in version `bold'
(Font)                  OT1/mathkerncmss/m/sl --> OT1/mathkerncmss/bx/sl on inp
ut line 257.

(/usr/local/texlive/2026/texmf-dist/tex/latex/translator/translator-basic-dicti
onary-English.dict
Dictionary: translator-basic-dictionary, Language: English 
)
(/usr/local/texlive/2026/texmf-dist/tex/latex/translator/translator-bibliograph
y-dictionary-English.dict
Dictionary: translator-bibliography-dictionary, Language: English 
)
(/usr/local/texlive/2026/texmf-dist/tex/latex/translator/translator-environment
-dictionary-English.dict
Dictionary: translator-environment-dictionary, Language: English 
)
(/usr/local/texlive/2026/texmf-dist/tex/latex/translator/translator-months-dict
ionary-English.dict
Dictionary: translator-months-dictionary, Language: English 
)
(/usr/local/texlive/2026/texmf-dist/tex/latex/translator/translator-numbers-dic
tionary-English.dict
Dictionary: translator-numbers-dictionary, Language: English 
)
(/usr/local/texlive/2026/texmf-dist/tex/latex/translator/translator-theorem-dic
tionary-English.dict
Dictionary: translator-theorem-dictionary, Language: English 
)
\c@lstlisting=\count397
 (./chapter2_statistical_distributions.nav)
<../../logos/ase_logo.png, id=58, 422.57875pt x 298.11375pt>
File: ../../logos/ase_logo.png Graphic file (type png)
<use ../../logos/ase_logo.png>
Package pdftex.def Info: ../../logos/ase_logo.png  used on input line 268.
(pdftex.def)             Requested size: 40.32594pt x 28.45274pt.
<../../logos/ida_logo.png, id=61, 161.60374pt x 85.31876pt>
File: ../../logos/ida_logo.png Graphic file (type png)
<use ../../logos/ida_logo.png>
Package pdftex.def Info: ../../logos/ida_logo.png  used on input line 268.
(pdftex.def)             Requested size: 53.89162pt x 28.45274pt.
<../../logos/brc_logo.png, id=63, 131.49126pt x 131.49126pt>
File: ../../logos/brc_logo.png Graphic file (type png)
<use ../../logos/brc_logo.png>
Package pdftex.def Info: ../../logos/brc_logo.png  used on input line 268.
(pdftex.def)             Requested size: 28.45264pt x 28.45274pt.
<../../logos/ai4efin_logo.png, id=65, 99.37125pt x 99.37125pt>
File: ../../logos/ai4efin_logo.png Graphic file (type png)
<use ../../logos/ai4efin_logo.png>
Package pdftex.def Info: ../../logos/ai4efin_logo.png  used on input line 268.
(pdftex.def)             Requested size: 28.453pt x 28.45274pt.
<../../logos/acad_logo.png, id=67, 111.41624pt x 111.41624pt>
File: ../../logos/acad_logo.png Graphic file (type png)
<use ../../logos/acad_logo.png>
Package pdftex.def Info: ../../logos/acad_logo.png  used on input line 268.
(pdftex.def)             Requested size: 28.45241pt x 28.45274pt.
<../../logos/msca_logo.png, id=69, 98.3675pt x 95.35625pt>
File: ../../logos/msca_logo.png Graphic file (type png)
<use ../../logos/msca_logo.png>
Package pdftex.def Info: ../../logos/msca_logo.png  used on input line 268.
(pdftex.def)             Requested size: 29.35136pt x 28.45274pt.
<../../logos/ql_logo.png, id=71, 157.58875pt x 151.56625pt>
File: ../../logos/ql_logo.png Graphic file (type png)
<use ../../logos/ql_logo.png>
Package pdftex.def Info: ../../logos/ql_logo.png  used on input line 268.
(pdftex.def)             Requested size: 32.54155pt x 31.2982pt.
LaTeX Font Info:    Trying to load font information for U+msa on input line 268
.

(/usr/local/texlive/2026/texmf-dist/tex/latex/amsfonts/umsa.fd
File: umsa.fd 2013/01/14 v3.01 AMS symbols A
)
LaTeX Font Info:    Trying to load font information for U+msb on input line 268
.

(/usr/local/texlive/2026/texmf-dist/tex/latex/amsfonts/umsb.fd
File: umsb.fd 2013/01/14 v3.01 AMS symbols B
)
LaTeX Font Info:    Trying to load font information for OT1+mathkerncmss on inp
ut line 268.

(/usr/local/texlive/2026/texmf-dist/tex/latex/sansmathaccent/ot1mathkerncmss.fd
File: ot1mathkerncmss.fd 2020/01/31 Fontinst v1.933 font definitions for OT1/ma
thkerncmss.
)
<../../logos/qr_logo.png, id=73, 200.75pt x 149.55875pt>
File: ../../logos/qr_logo.png Graphic file (type png)
<use ../../logos/qr_logo.png>
Package pdftex.def Info: ../../logos/qr_logo.png  used on input line 268.
(pdftex.def)             Requested size: 42.00864pt x 31.2982pt.

Overfull \hbox (1.03418pt too wide) in paragraph at lines 268--268
 [][][][][][] 
 []

[1

{/usr/local/texlive/2026/texmf-var/fonts/map/pdftex/updmap/pdftex.map}{/usr/loc
al/texlive/2026/texmf-dist/fonts/enc/dvips/cm-super/cm-super-t1.enc} <../../log
os/ase_logo.png> <../../logos/ida_logo.png> <../../logos/brc_logo.png> <../../l
ogos/ai4efin_logo.png> <../../logos/acad_logo.png> <../../logos/msca_logo.png> 
<../../logos/ql_logo.png> <../../logos/qr_logo.png>] [2

] [3

] [4

] [5

] [6

]
[7

]
<../../charts/ch2_sp500_history.pdf, id=134, 478.69652pt x 309.1097pt>
File: ../../charts/ch2_sp500_history.pdf Graphic file (type pdf)
<use ../../charts/ch2_sp500_history.pdf>
Package pdftex.def Info: ../../charts/ch2_sp500_history.pdf  used on input line
 442.
(pdftex.def)             Requested size: 225.34708pt x 145.51268pt.
File: ../../logos/ql_logo.png Graphic file (type png)
<use ../../logos/ql_logo.png>
Package pdftex.def Info: ../../logos/ql_logo.png  used on input line 442.
(pdftex.def)             Requested size: 6.73048pt x 6.47339pt.
 [8

 <../../charts/ch2_sp500_history.pdf>]
LaTeX Font Info:    Font shape `OT1/cmss/b/n' in size <9> not available
(Font)              Font shape `OT1/cmss/bx/n' tried instead on input line 461.

LaTeX Font Info:    Font shape `OT1/cmss/b/n' in size <6> not available
(Font)              Font shape `OT1/cmss/bx/n' tried instead on input line 461.

LaTeX Font Info:    Font shape `OT1/cmss/b/n' in size <5> not available
(Font)              Font shape `OT1/cmss/bx/n' tried instead on input line 461.



LaTeX Font Warning: Font shape `T1/cmss/b/n' undefined
(Font)              using `T1/cmss/m/n' instead on input line 461.

File: ../../logos/ql_logo.png Graphic file (type png)
<use ../../logos/ql_logo.png>
Package pdftex.def Info: ../../logos/ql_logo.png  used on input line 461.
(pdftex.def)             Requested size: 6.73048pt x 6.47339pt.
[9

]
<../../charts/ch2_normal_vs_empirical.pdf, id=231, 320.41144pt x 259.09656pt>
File: ../../charts/ch2_normal_vs_empirical.pdf Graphic file (type pdf)
<use ../../charts/ch2_normal_vs_empirical.pdf>
Package pdftex.def Info: ../../charts/ch2_normal_vs_empirical.pdf  used on inpu
t line 471.
(pdftex.def)             Requested size: 198.19835pt x 160.26979pt.
File: ../../logos/ql_logo.png Graphic file (type png)
<use ../../logos/ql_logo.png>
Package pdftex.def Info: ../../logos/ql_logo.png  used on input line 471.
(pdftex.def)             Requested size: 6.73048pt x 6.47339pt.
 [10

 <../../charts/ch2_normal_vs_empirical.pdf>] [11

] [12

] [13

] [14

]
[15

] [16

]
<../../photos/gauss.jpg, id=333, 883.6212pt x 1137.048pt>
File: ../../photos/gauss.jpg Graphic file (type jpg)
<use ../../photos/gauss.jpg>
Package pdftex.def Info: ../../photos/gauss.jpg  used on input line 626.
(pdftex.def)             Requested size: 89.48224pt x 115.13416pt.
 [17

 <../../photos/gauss.jpg>]
<../../photos/10dm_both.jpg, id=339, 375.0813pt x 379.05615pt>
File: ../../photos/10dm_both.jpg Graphic file (type jpg)
<use ../../photos/10dm_both.jpg>
Package pdftex.def Info: ../../photos/10dm_both.jpg  used on input line 639.
(pdftex.def)             Requested size: 149.09123pt x 150.67311pt.
 [18

 <../../photos/10dm_both.jpg>]
[19

]
<../../charts/ch2_normal_pdf_theoretical.pdf, id=352, 495.99304pt x 292.33417pt
>
File: ../../charts/ch2_normal_pdf_theoretical.pdf Graphic file (type pdf)
<use ../../charts/ch2_normal_pdf_theoretical.pdf>
Package pdftex.def Info: ../../charts/ch2_normal_pdf_theoretical.pdf  used on i
nput line 684.
(pdftex.def)             Requested size: 225.34708pt x 132.81598pt.
File: ../../logos/ql_logo.png Graphic file (type png)
<use ../../logos/ql_logo.png>
Package pdftex.def Info: ../../logos/ql_logo.png  used on input line 684.
(pdftex.def)             Requested size: 6.73048pt x 6.47339pt.
 [20

 <../../charts/ch2_normal_pdf_theoretical.pdf>] [21

]
<../../charts/ch2_clt_illustration.png, id=421, 863.3856pt x 570.2103pt>
File: ../../charts/ch2_clt_illustration.png Graphic file (type png)
<use ../../charts/ch2_clt_illustration.png>
Package pdftex.def Info: ../../charts/ch2_clt_illustration.png  used on input l
ine 719.
(pdftex.def)             Requested size: 225.34708pt x 148.82542pt.
 [22

 <../../charts/ch2_clt_illustration.png>]
File: ../../logos/ql_logo.png Graphic file (type png)
<use ../../logos/ql_logo.png>
Package pdftex.def Info: ../../logos/ql_logo.png  used on input line 731.
(pdftex.def)             Requested size: 6.73048pt x 6.47339pt.
<../../charts/ch2_normal_fit.png, id=429, 502.0356pt x 338.4645pt>
File: ../../charts/ch2_normal_fit.png Graphic file (type png)
<use ../../charts/ch2_normal_fit.png>
Package pdftex.def Info: ../../charts/ch2_normal_fit.png  used on input line 73
1.
(pdftex.def)             Requested size: 204.85985pt x 138.11028pt.
 [23

 <../../charts/ch2_normal_fit.png>]
<../../charts/ch2_normality_tests.png, id=436, 912.2883pt x 349.7868pt>
File: ../../charts/ch2_normality_tests.png Graphic file (type png)
<use ../../charts/ch2_normality_tests.png>
Package pdftex.def Info: ../../charts/ch2_normality_tests.png  used on input li
ne 763.
(pdftex.def)             Requested size: 168.40875pt x 64.57512pt.
 [24

 <../../charts/ch2_normality_tests.png>] [25

] [26

] [27

]
File: ../../charts/ch2_normality_tests.png Graphic file (type png)
<use ../../charts/ch2_normality_tests.png>
Package pdftex.def Info: ../../charts/ch2_normality_tests.png  used on input li
ne 835.
(pdftex.def)             Requested size: 278.60638pt x 106.8209pt.
File: ../../logos/ql_logo.png Graphic file (type png)
<use ../../logos/ql_logo.png>
Package pdftex.def Info: ../../logos/ql_logo.png  used on input line 835.
(pdftex.def)             Requested size: 6.73048pt x 6.47339pt.
 [28

] [29

] [30

] [31

]
<../../photos/mandelbrot.jpg, id=486, 501.875pt x 668.4975pt>
File: ../../photos/mandelbrot.jpg Graphic file (type jpg)
<use ../../photos/mandelbrot.jpg>
Package pdftex.def Info: ../../photos/mandelbrot.jpg  used on input line 933.
(pdftex.def)             Requested size: 89.48224pt x 119.1819pt.
 [32

 <../../photos/mandelbrot.jpg>] [33

] [34

] [35

] [36

]
<../../charts/ch2_volatility_clustering.pdf, id=512, 392.75609pt x 274.4201pt>
File: ../../charts/ch2_volatility_clustering.pdf Graphic file (type pdf)
<use ../../charts/ch2_volatility_clustering.pdf>
Package pdftex.def Info: ../../charts/ch2_volatility_clustering.pdf  used on in
put line 1051.
(pdftex.def)             Requested size: 225.34708pt x 157.45116pt.
File: ../../logos/ql_logo.png Graphic file (type png)
<use ../../logos/ql_logo.png>
Package pdftex.def Info: ../../logos/ql_logo.png  used on input line 1051.
(pdftex.def)             Requested size: 6.73048pt x 6.47339pt.
 [37

 <../../charts/ch2_volatility_clustering.pdf>] [38

] [39

]
<../../charts/ch2_var_comparison.png, id=590, 502.0356pt x 342.078pt>
File: ../../charts/ch2_var_comparison.png Graphic file (type png)
<use ../../charts/ch2_var_comparison.png>
Package pdftex.def Info: ../../charts/ch2_var_comparison.png  used on input lin
e 1134.
(pdftex.def)             Requested size: 204.85985pt x 139.58476pt.
File: ../../logos/ql_logo.png Graphic file (type png)
<use ../../logos/ql_logo.png>
Package pdftex.def Info: ../../logos/ql_logo.png  used on input line 1134.
(pdftex.def)             Requested size: 6.73048pt x 6.47339pt.
 [40

 <../../charts/ch2_var_comparison.png>] [41

] [42

]
[43

] [44

]

Package hyperref Warning: Token not allowed in a PDF string (Unicode):
(hyperref)                removing `math shift' on input line 1201.


Package hyperref Warning: Token not allowed in a PDF string (Unicode):
(hyperref)                removing `math shift' on input line 1201.

<../../photos/gosset.jpg, id=619, 240.9pt x 310.39964pt>
File: ../../photos/gosset.jpg Graphic file (type jpg)
<use ../../photos/gosset.jpg>
Package pdftex.def Info: ../../photos/gosset.jpg  used on input line 1231.
(pdftex.def)             Requested size: 98.33408pt x 126.70105pt.
[45

 <../../photos/gosset.jpg>] [46

]
File: ../../logos/ql_logo.png Graphic file (type png)
<use ../../logos/ql_logo.png>
Package pdftex.def Info: ../../logos/ql_logo.png  used on input line 1263.
(pdftex.def)             Requested size: 6.73048pt x 6.47339pt.
<../../charts/ch2_student_t_pdfs.png, id=631, 1008.1665pt x 333.4056pt>
File: ../../charts/ch2_student_t_pdfs.png Graphic file (type png)
<use ../../charts/ch2_student_t_pdfs.png>
Package pdftex.def Info: ../../charts/ch2_student_t_pdfs.png  used on input lin
e 1263.
(pdftex.def)             Requested size: 294.99867pt x 97.55507pt.
 [47

 <../../charts/ch2_student_t_pdfs.png>]
<../../charts/ch2_student_t_fit.png, id=639, 501.072pt x 339.9099pt>
File: ../../charts/ch2_student_t_fit.png Graphic file (type png)
<use ../../charts/ch2_student_t_fit.png>
Package pdftex.def Info: ../../charts/ch2_student_t_fit.png  used on input line
 1274.
(pdftex.def)             Requested size: 225.34708pt x 152.86986pt.

[48

 <../../charts/ch2_student_t_fit.png>] [49

] [50

]
<../../charts/ch2_dist_comparison_overlay.png, id=658, 501.072pt x 310.0383pt>
File: ../../charts/ch2_dist_comparison_overlay.png Graphic file (type png)
<use ../../charts/ch2_dist_comparison_overlay.png>
Package pdftex.def Info: ../../charts/ch2_dist_comparison_overlay.png  used on 
input line 1342.
(pdftex.def)             Requested size: 163.88538pt x 101.40463pt.
 [51

 <../../charts/ch2_dist_comparison_overlay.png>]
File: ../../charts/ch2_dist_comparison_overlay.png Graphic file (type png)
<use ../../charts/ch2_dist_comparison_overlay.png>
Package pdftex.def Info: ../../charts/ch2_dist_comparison_overlay.png  used on 
input line 1356.
(pdftex.def)             Requested size: 237.63817pt x 147.0379pt.
File: ../../logos/ql_logo.png Graphic file (type png)
<use ../../logos/ql_logo.png>
Package pdftex.def Info: ../../logos/ql_logo.png  used on input line 1356.
(pdftex.def)             Requested size: 6.73048pt x 6.47339pt.
 [52

] [53

] [54

] [55

] [56

] [57

] [58

]
<../../photos/pareto.jpg, id=707, 501.875pt x 669.50125pt>
File: ../../photos/pareto.jpg Graphic file (type jpg)
<use ../../photos/pareto.jpg>
Package pdftex.def Info: ../../photos/pareto.jpg  used on input line 1519.
(pdftex.def)             Requested size: 89.48224pt x 119.36086pt.
 [59

 <../../photos/pareto.jpg>] [60

]
<../../charts/ch2_pareto_pdf_cdf.pdf, id=718, 408.9954pt x 177.13895pt>
File: ../../charts/ch2_pareto_pdf_cdf.pdf Graphic file (type pdf)
<use ../../charts/ch2_pareto_pdf_cdf.pdf>
Package pdftex.def Info: ../../charts/ch2_pareto_pdf_cdf.pdf  used on input lin
e 1565.
(pdftex.def)             Requested size: 319.58086pt x 138.41917pt.
File: ../../logos/ql_logo.png Graphic file (type png)
<use ../../logos/ql_logo.png>
Package pdftex.def Info: ../../logos/ql_logo.png  used on input line 1565.
(pdftex.def)             Requested size: 6.73048pt x 6.47339pt.
 [61

 <../../charts/ch2_pareto_pdf_cdf.pdf>]
File: ../../logos/ql_logo.png Graphic file (type png)
<use ../../logos/ql_logo.png>
Package pdftex.def Info: ../../logos/ql_logo.png  used on input line 1582.
(pdftex.def)             Requested size: 6.73048pt x 6.47339pt.
 [62

]
<../../charts/ch2_pareto_loglog_survival.pdf, id=775, 225.11307pt x 209.25554pt
>
File: ../../charts/ch2_pareto_loglog_survival.pdf Graphic file (type pdf)
<use ../../charts/ch2_pareto_loglog_survival.pdf>
Package pdftex.def Info: ../../charts/ch2_pareto_loglog_survival.pdf  used on i
nput line 1591.
(pdftex.def)             Requested size: 307.28976pt x 285.66617pt.
File: ../../logos/ql_logo.png Graphic file (type png)
<use ../../logos/ql_logo.png>
Package pdftex.def Info: ../../logos/ql_logo.png  used on input line 1591.
(pdftex.def)             Requested size: 6.73048pt x 6.47339pt.

Overfull \vbox (106.38812pt too high) detected at line 1591
 []

[63

 <../../charts/ch2_pareto_loglog_survival.pdf>] [64

] [65

]
<../../charts/ch2_pareto_mle_demo.pdf, id=850, 393.8734pt x 211.19641pt>
File: ../../charts/ch2_pareto_mle_demo.pdf Graphic file (type pdf)
<use ../../charts/ch2_pareto_mle_demo.pdf>
Package pdftex.def Info: ../../charts/ch2_pareto_mle_demo.pdf  used on input li
ne 1636.
(pdftex.def)             Requested size: 319.58086pt x 171.37106pt.
File: ../../logos/ql_logo.png Graphic file (type png)
<use ../../logos/ql_logo.png>
Package pdftex.def Info: ../../logos/ql_logo.png  used on input line 1636.
(pdftex.def)             Requested size: 6.73048pt x 6.47339pt.

Overfull \vbox (7.85542pt too high) detected at line 1636
 []

[66

 <../../charts/ch2_pareto_mle_demo.pdf>]
<../../charts/ch2_pareto_hill_sp500.pdf, id=923, 389.72398pt x 175.55533pt>
File: ../../charts/ch2_pareto_hill_sp500.pdf Graphic file (type pdf)
<use ../../charts/ch2_pareto_hill_sp500.pdf>
Package pdftex.def Info: ../../charts/ch2_pareto_hill_sp500.pdf  used on input 
line 1651.
(pdftex.def)             Requested size: 327.777pt x 147.65028pt.
File: ../../logos/ql_logo.png Graphic file (type png)
<use ../../logos/ql_logo.png>
Package pdftex.def Info: ../../logos/ql_logo.png  used on input line 1651.
(pdftex.def)             Requested size: 6.73048pt x 6.47339pt.
 [67

 <../../charts/ch2_pareto_hill_sp500.pdf>]
<../../charts/ch2_pareto_tail_fitting.pdf, id=1001, 533.23581pt x 174.54933pt>
File: ../../charts/ch2_pareto_tail_fitting.pdf Graphic file (type pdf)
<use ../../charts/ch2_pareto_tail_fitting.pdf>
Package pdftex.def Info: ../../charts/ch2_pareto_tail_fitting.pdf  used on inpu
t line 1664.
(pdftex.def)             Requested size: 348.26424pt x 114.00171pt.
File: ../../logos/ql_logo.png Graphic file (type png)
<use ../../logos/ql_logo.png>
Package pdftex.def Info: ../../logos/ql_logo.png  used on input line 1664.
(pdftex.def)             Requested size: 6.73048pt x 6.47339pt.
 [68

 <../../charts/ch2_pareto_tail_fitting.pdf>] [69

]
File: ../../logos/ql_logo.png Graphic file (type png)
<use ../../logos/ql_logo.png>
Package pdftex.def Info: ../../logos/ql_logo.png  used on input line 1703.
(pdftex.def)             Requested size: 6.73048pt x 6.47339pt.
 [70

]
<../../charts/ch2_pareto_market_cap.pdf, id=1088, 393.60487pt x 176.50479pt>
File: ../../charts/ch2_pareto_market_cap.pdf Graphic file (type pdf)
<use ../../charts/ch2_pareto_market_cap.pdf>
Package pdftex.def Info: ../../charts/ch2_pareto_market_cap.pdf  used on input 
line 1712.
(pdftex.def)             Requested size: 335.97314pt x 150.66267pt.
File: ../../logos/ql_logo.png Graphic file (type png)
<use ../../logos/ql_logo.png>
Package pdftex.def Info: ../../logos/ql_logo.png  used on input line 1712.
(pdftex.def)             Requested size: 6.73048pt x 6.47339pt.
 [71

 <../../charts/ch2_pareto_market_cap.pdf>] [72

]
File: ../../logos/ql_logo.png Graphic file (type png)
<use ../../logos/ql_logo.png>
Package pdftex.def Info: ../../logos/ql_logo.png  used on input line 1773.
(pdftex.def)             Requested size: 6.73048pt x 6.47339pt.
 [73

]
<../../charts/ch2_cs2a_price_returns.pdf, id=1160, 1008.11316pt x 502.36119pt>
File: ../../charts/ch2_cs2a_price_returns.pdf Graphic file (type pdf)
<use ../../charts/ch2_cs2a_price_returns.pdf>
Package pdftex.def Info: ../../charts/ch2_cs2a_price_returns.pdf  used on input
 line 1782.
(pdftex.def)             Requested size: 335.97314pt x 167.42009pt.
File: ../../logos/ql_logo.png Graphic file (type png)
<use ../../logos/ql_logo.png>
Package pdftex.def Info: ../../logos/ql_logo.png  used on input line 1782.
(pdftex.def)             Requested size: 6.73048pt x 6.47339pt.
 [74

 <../../charts/ch2_cs2a_price_returns.pdf>]
File: ../../logos/ql_logo.png Graphic file (type png)
<use ../../logos/ql_logo.png>
Package pdftex.def Info: ../../logos/ql_logo.png  used on input line 1801.
(pdftex.def)             Requested size: 6.73048pt x 6.47339pt.
 [75

]
<../../charts/ch2_cs2a_stylized_3assets.pdf, id=1220, 1007.238pt x 285.23813pt>

File: ../../charts/ch2_cs2a_stylized_3assets.pdf Graphic file (type pdf)
<use ../../charts/ch2_cs2a_stylized_3assets.pdf>
Package pdftex.def Info: ../../charts/ch2_cs2a_stylized_3assets.pdf  used on in
put line 1810.
(pdftex.def)             Requested size: 319.58086pt x 90.49898pt.
File: ../../logos/ql_logo.png Graphic file (type png)
<use ../../logos/ql_logo.png>
Package pdftex.def Info: ../../logos/ql_logo.png  used on input line 1810.
(pdftex.def)             Requested size: 6.73048pt x 6.47339pt.
 [76

 <../../charts/ch2_cs2a_stylized_3assets.pdf>]
File: ../../logos/ql_logo.png Graphic file (type png)
<use ../../logos/ql_logo.png>
Package pdftex.def Info: ../../logos/ql_logo.png  used on input line 1831.
(pdftex.def)             Requested size: 6.73048pt x 6.47339pt.
 [77

]
<../../charts/ch2_cs2a_fit_comparison.pdf, id=1297, 1007.6391pt x 242.90549pt>
File: ../../charts/ch2_cs2a_fit_comparison.pdf Graphic file (type pdf)
<use ../../charts/ch2_cs2a_fit_comparison.pdf>
Package pdftex.def Info: ../../charts/ch2_cs2a_fit_comparison.pdf  used on inpu
t line 1840.
(pdftex.def)             Requested size: 335.97314pt x 80.98929pt.
File: ../../logos/ql_logo.png Graphic file (type png)
<use ../../logos/ql_logo.png>
Package pdftex.def Info: ../../logos/ql_logo.png  used on input line 1840.
(pdftex.def)             Requested size: 6.73048pt x 6.47339pt.

[78

 <../../charts/ch2_cs2a_fit_comparison.pdf>]
<../../charts/ch2_cs2a_qq_comparison.pdf, id=1373, 1008.00337pt x 573.92604pt>
File: ../../charts/ch2_cs2a_qq_comparison.pdf Graphic file (type pdf)
<use ../../charts/ch2_cs2a_qq_comparison.pdf>
Package pdftex.def Info: ../../charts/ch2_cs2a_qq_comparison.pdf  used on input
 line 1856.
(pdftex.def)             Requested size: 245.8343pt x 139.96944pt.
File: ../../logos/ql_logo.png Graphic file (type png)
<use ../../logos/ql_logo.png>
Package pdftex.def Info: ../../logos/ql_logo.png  used on input line 1856.
(pdftex.def)             Requested size: 6.73048pt x 6.47339pt.
 [79

 <../../charts/ch2_cs2a_qq_comparison.pdf>] [80

] [81

] [82

] [83

] [84

] [85

] [86

] [87

] [88

] [89

] [90

] [91

]
[92

] [93

] [94

]
File: ../../logos/ql_logo.png Graphic file (type png)
<use ../../logos/ql_logo.png>
Package pdftex.def Info: ../../logos/ql_logo.png  used on input line 2208.
(pdftex.def)             Requested size: 6.18465pt x 5.94852pt.
 [95

] [96

] [97

] [98

] [99

 </usr/local/texlive/2026/texmf-dist/tex/latex/beamer/beamericonarticle.pdf>] [
100

] [101

] [102

] [103

]
File: ../../logos/ql_logo.png Graphic file (type png)
<use ../../logos/ql_logo.png>
Package pdftex.def Info: ../../logos/ql_logo.png  used on input line 2363.
(pdftex.def)             Requested size: 7.68993pt x 7.39821pt.
File: ../../logos/qr_logo.png Graphic file (type png)
<use ../../logos/qr_logo.png>
Package pdftex.def Info: ../../logos/qr_logo.png  used on input line 2363.
(pdftex.def)             Requested size: 9.92781pt x 7.39821pt.
 [104

]
\tf@nav=\write6
\openout6 = `chapter2_statistical_distributions.nav'.

\tf@toc=\write7
\openout7 = `chapter2_statistical_distributions.toc'.

\tf@snm=\write8
\openout8 = `chapter2_statistical_distributions.snm'.


(./chapter2_statistical_distributions.aux)
 ***********
LaTeX2e <2025-11-01>
L3 programming layer <2026-01-19>
 ***********


LaTeX Font Warning: Some font shapes were not available, defaults substituted.

Package rerunfilecheck Info: File `chapter2_statistical_distributions.out' has 
not changed.
(rerunfilecheck)             Checksum: 5C171A96FE6A276ECA74EA9DE788DB77;1680.
 ) 
Here is how much of TeX's memory you used:
 34380 strings out of 467525
 706859 string characters out of 5418982
 1248549 words of memory out of 5000000
 62392 multiletter control sequences out of 15000+600000
 669002 words of font info for 137 fonts, out of 8000000 for 9000
 1141 hyphenation exceptions out of 8191
 128i,16n,123p,409b,859s stack positions out of 10000i,1000n,20000p,200000b,200000s
</usr/local/texlive/2026/texmf-dist/fonts/type1/public/amsfonts/cmextra/cmbsy
9.pfb></usr/local/texlive/2026/texmf-dist/fonts/type1/public/amsfonts/cm/cmbx6.
pfb></usr/local/texlive/2026/texmf-dist/fonts/type1/public/amsfonts/cm/cmbx9.pf
b></usr/local/texlive/2026/texmf-dist/fonts/type1/public/amsfonts/cmextra/cmex9
.pfb></usr/local/texlive/2026/texmf-dist/fonts/type1/public/amsfonts/cm/cmmi10.
pfb></usr/local/texlive/2026/texmf-dist/fonts/type1/public/amsfonts/cm/cmmi5.pf
b></usr/local/texlive/2026/texmf-dist/fonts/type1/public/amsfonts/cm/cmmi6.pfb>
</usr/local/texlive/2026/texmf-dist/fonts/type1/public/amsfonts/cm/cmmi7.pfb></
usr/local/texlive/2026/texmf-dist/fonts/type1/public/amsfonts/cm/cmmi8.pfb></us
r/local/texlive/2026/texmf-dist/fonts/type1/public/amsfonts/cm/cmmi9.pfb></usr/
local/texlive/2026/texmf-dist/fonts/type1/public/amsfonts/cmextra/cmmib6.pfb></
usr/local/texlive/2026/texmf-dist/fonts/type1/public/amsfonts/cmextra/cmmib9.pf
b></usr/local/texlive/2026/texmf-dist/fonts/type1/public/amsfonts/cm/cmss10.pfb
></usr/local/texlive/2026/texmf-dist/fonts/type1/public/amsfonts/cm/cmss8.pfb><
/usr/local/texlive/2026/texmf-dist/fonts/type1/public/amsfonts/cm/cmss9.pfb></u
sr/local/texlive/2026/texmf-dist/fonts/type1/public/amsfonts/cm/cmssi10.pfb></u
sr/local/texlive/2026/texmf-dist/fonts/type1/public/amsfonts/cm/cmssi8.pfb></us
r/local/texlive/2026/texmf-dist/fonts/type1/public/amsfonts/cm/cmssi9.pfb></usr
/local/texlive/2026/texmf-dist/fonts/type1/public/amsfonts/cm/cmsy10.pfb></usr/
local/texlive/2026/texmf-dist/fonts/type1/public/amsfonts/cm/cmsy5.pfb></usr/lo
cal/texlive/2026/texmf-dist/fonts/type1/public/amsfonts/cm/cmsy6.pfb></usr/loca
l/texlive/2026/texmf-dist/fonts/type1/public/amsfonts/cm/cmsy8.pfb></usr/local/
texlive/2026/texmf-dist/fonts/type1/public/amsfonts/cm/cmsy9.pfb></usr/local/te
xlive/2026/texmf-dist/fonts/type1/public/amsfonts/symbols/msam10.pfb></usr/loca
l/texlive/2026/texmf-dist/fonts/type1/public/amsfonts/symbols/msbm10.pfb></usr/
local/texlive/2026/texmf-dist/fonts/type1/public/cm-super/sfsi0800.pfb></usr/lo
cal/texlive/2026/texmf-dist/fonts/type1/public/cm-super/sfsi0900.pfb></usr/loca
l/texlive/2026/texmf-dist/fonts/type1/public/cm-super/sfso0800.pfb></usr/local/
texlive/2026/texmf-dist/fonts/type1/public/cm-super/sfso0900.pfb></usr/local/te
xlive/2026/texmf-dist/fonts/type1/public/cm-super/sfss0500.pfb></usr/local/texl
ive/2026/texmf-dist/fonts/type1/public/cm-super/sfss0600.pfb></usr/local/texliv
e/2026/texmf-dist/fonts/type1/public/cm-super/sfss0700.pfb></usr/local/texlive/
2026/texmf-dist/fonts/type1/public/cm-super/sfss0800.pfb></usr/local/texlive/20
26/texmf-dist/fonts/type1/public/cm-super/sfss0900.pfb></usr/local/texlive/2026
/texmf-dist/fonts/type1/public/cm-super/sfss1000.pfb></usr/local/texlive/2026/t
exmf-dist/fonts/type1/public/cm-super/sfss1095.pfb></usr/local/texlive/2026/tex
mf-dist/fonts/type1/public/cm-super/sfss1728.pfb></usr/local/texlive/2026/texmf
-dist/fonts/type1/public/cm-super/sfsx0600.pfb></usr/local/texlive/2026/texmf-d
ist/fonts/type1/public/cm-super/sfsx0700.pfb></usr/local/texlive/2026/texmf-dis
t/fonts/type1/public/cm-super/sfsx0800.pfb></usr/local/texlive/2026/texmf-dist/
fonts/type1/public/cm-super/sfsx0900.pfb></usr/local/texlive/2026/texmf-dist/fo
nts/type1/public/cm-super/sfsx1000.pfb></usr/local/texlive/2026/texmf-dist/font
s/type1/public/cm-super/sfsx1095.pfb></usr/local/texlive/2026/texmf-dist/fonts/
type1/public/cm-super/sfsx1200.pfb></usr/local/texlive/2026/texmf-dist/fonts/ty
pe1/public/cm-super/sftt0800.pfb></usr/local/texlive/2026/texmf-dist/fonts/type
1/public/cm-super/sftt0900.pfb>
Output written on chapter2_statistical_distributions.pdf (104 pages, 8893378 by
tes).
PDF statistics:
 1882 PDF objects out of 2073 (max. 8388607)
 932 compressed objects within 10 object streams
 239 named destinations out of 1000 (max. 500000)
 307 words of extra memory for PDF output out of 10000 (max. 10000000)

